
> contador-segundos@0.1.0 start
> node scripts/start-scoped.js --branch=pruebas

Attempting to bind to HOST environment variable: 0.0.0.0
If this was unintentional, check that you haven't mistakenly set it in your shell.
Learn more here: https://cra.link/advanced-config

Starting the development server...

Compiled successfully!

You can now view contador-segundos in the browser.

  Local:            http://localhost:3001
  On Your Network:  http://192.168.56.1:3001

Note that the development build is not optimized.
To create a production build, use npm run build.

webpack compiled successfully
Compiling...
Compiled successfully!
webpack compiled successfully
Compiling...
Compiled successfully!
webpack compiled successfully
Compiling...
Compiled successfully!
webpack compiled successfully
Compiling...
Compiled successfully!
webpack compiled successfully
Compiling...
Compiled successfully!
webpack compiled successfully
Compiling...
Failed to compile.

Module not found: SyntaxError: C:\Users\Xps\Desktop\albercasfront\package.json (directory description file): SyntaxError: C:\Users\Xps\Desktop\albercasfront\package.json (directory description file): SyntaxError: C:\Users\Xps\Desktop\albercasfront\package.json (directory description file): SyntaxError: C:\Users\Xps\Desktop\albercasfront\package.json (directory description file): SyntaxError: C:\Users\Xps\Desktop\albercasfront\package.json (directory description file): SyntaxError: C:\Users\Xps\Desktop\albercasfront\package.json (directory description file): SyntaxError: C:\Users\Xps\Desktop\albercasfront\package.json (directory description file): SyntaxError: C:\Users\Xps\Desktop\albercasfront\package.json (directory description file): SyntaxError: Unexpected token '﻿', "﻿{
    "n"... is not valid JSON
ERROR in Module not found: SyntaxError: C:\Users\Xps\Desktop\albercasfront\package.json (directory description file): SyntaxError: C:\Users\Xps\Desktop\albercasfront\package.json (directory description file): SyntaxError: C:\Users\Xps\Desktop\albercasfront\package.json (directory description file): SyntaxError: C:\Users\Xps\Desktop\albercasfront\package.json (directory description file): SyntaxError: C:\Users\Xps\Desktop\albercasfront\package.json (directory description file): SyntaxError: C:\Users\Xps\Desktop\albercasfront\package.json (directory description file): SyntaxError: C:\Users\Xps\Desktop\albercasfront\package.json (directory description file): SyntaxError: C:\Users\Xps\Desktop\albercasfront\package.json (directory description file): SyntaxError: Unexpected token '﻿', "﻿{
    "n"... is not valid JSON

ERROR in Module not found: SyntaxError: C:\Users\Xps\Desktop\albercasfront\package.json (directory description file): SyntaxError: C:\Users\Xps\Desktop\albercasfront\package.json (directory description file): SyntaxError: C:\Users\Xps\Desktop\albercasfront\package.json (directory description file): SyntaxError: C:\Users\Xps\Desktop\albercasfront\package.json (directory description file): SyntaxError: C:\Users\Xps\Desktop\albercasfront\package.json (directory description file): SyntaxError: C:\Users\Xps\Desktop\albercasfront\package.json (directory description file): SyntaxError: C:\Users\Xps\Desktop\albercasfront\package.json (directory description file): SyntaxError: Unexpected token '﻿', "﻿{
    "n"... is not valid JSON

ERROR in main
Module not found: SyntaxError: C:\Users\Xps\Desktop\albercasfront\package.json (directory description file): SyntaxError: C:\Users\Xps\Desktop\albercasfront\package.json (directory description file): SyntaxError: C:\Users\Xps\Desktop\albercasfront\package.json (directory description file): SyntaxError: C:\Users\Xps\Desktop\albercasfront\package.json (directory description file): SyntaxError: C:\Users\Xps\Desktop\albercasfront\package.json (directory description file): SyntaxError: C:\Users\Xps\Desktop\albercasfront\package.json (directory description file): SyntaxError: Unexpected token '﻿', "﻿{
    "n"... is not valid JSON

ERROR in Module not found: SyntaxError: C:\Users\Xps\Desktop\albercasfront\package.json (directory description file): SyntaxError: C:\Users\Xps\Desktop\albercasfront\package.json (directory description file): SyntaxError: C:\Users\Xps\Desktop\albercasfront\package.json (directory description file): SyntaxError: C:\Users\Xps\Desktop\albercasfront\package.json (directory description file): SyntaxError: C:\Users\Xps\Desktop\albercasfront\package.json (directory description file): SyntaxError: Unexpected token '﻿', "﻿{
    "n"... is not valid JSON

ERROR in Error: Child compilation failed:
  Module not found: SyntaxError: C:\Users\Xps\Desktop\albercasfront\package.json   (directory description file): SyntaxError: C:\Users\Xps\Desktop\albercasfront  \package.json (directory description file): SyntaxError: C:\Users\Xps\Desktop\  albercasfront\package.json (directory description file): SyntaxError: C:\Users  \Xps\Desktop\albercasfront\package.json (directory description file): SyntaxEr  ror: C:\Users\Xps\Desktop\albercasfront\package.json (directory description fi  le): SyntaxError: C:\Users\Xps\Desktop\albercasfront\package.json (directory d  escription file): SyntaxError: C:\Users\Xps\Desktop\albercasfront\package.json   (directory description file): SyntaxError: C:\Users\Xps\Desktop\albercasfront  \package.json (directory description file): SyntaxError: C:\Users\Xps\Desktop\  albercasfront\package.json (directory description file): SyntaxError: C:\Users  \Xps\Desktop\albercasfront\package.json (directory description file): SyntaxEr  ror: C:\Users\Xps\Desktop\albercasfront\package.json (directory description fi  le): SyntaxError: Unexpected token ' ', " { 
      "n"... is not valid JSON
  ModuleNotFoundError: Module not found: SyntaxError: C:\Users\Xps\Desktop\alber  casfront\package.json (directory description file): SyntaxError: C:\Users\Xps\  Desktop\albercasfront\package.json (directory description file): SyntaxError:   C:\Users\Xps\Desktop\albercasfront\package.json (directory description file):   SyntaxError: C:\Users\Xps\Desktop\albercasfront\package.json (directory descri  ption file): SyntaxError: C:\Users\Xps\Desktop\albercasfront\package.json (dir  ectory description file): SyntaxError: C:\Users\Xps\Desktop\albercasfront\pack  age.json (directory description file): SyntaxError: C:\Users\Xps\Desktop\alber  casfront\package.json (directory description file): SyntaxError: C:\Users\Xps\  Desktop\albercasfront\package.json (directory description file): SyntaxError:   C:\Users\Xps\Desktop\albercasfront\package.json (directory description file):   SyntaxError: C:\Users\Xps\Desktop\albercasfront\package.json (directory descri  ption file): SyntaxError: C:\Users\Xps\Desktop\albercasfront\package.json (dir  ectory description file): SyntaxError: Unexpected token ' ', " { 
      "n"... is not valid JSON
      at C:\Users\Xps\Desktop\albercasfront\node_modules\webpack\lib\Compilation  .js:2065:28
      at C:\Users\Xps\Desktop\albercasfront\node_modules\webpack\lib\NormalModul  eFactory.js:1028:13
      at eval (eval at create (C:\Users\Xps\Desktop\albercasfront\node_modules\t  apable\lib\HookCodeFactory.js:31:10), <anonymous>:10:1)
      at C:\Users\Xps\Desktop\albercasfront\node_modules\webpack\lib\NormalModul  eFactory.js:429:22
      at eval (eval at create (C:\Users\Xps\Desktop\albercasfront\node_modules\t  apable\lib\HookCodeFactory.js:31:10), <anonymous>:9:1)
      at C:\Users\Xps\Desktop\albercasfront\node_modules\webpack\lib\NormalModul  eFactory.js:614:22
      at C:\Users\Xps\Desktop\albercasfront\node_modules\webpack\lib\NormalModul  eFactory.js:184:10
      at C:\Users\Xps\Desktop\albercasfront\node_modules\webpack\lib\NormalModul  eFactory.js:846:23
      at C:\Users\Xps\Desktop\albercasfront\node_modules\webpack\lib\NormalModul  eFactory.js:1338:5
      at C:\Users\Xps\Desktop\albercasfront\node_modules\neo-async\async.js:2830  :7
      at done (C:\Users\Xps\Desktop\albercasfront\node_modules\neo-async\async.j  s:2925:13)
      at C:\Users\Xps\Desktop\albercasfront\node_modules\webpack\lib\NormalModul  eFactory.js:1297:10
      at C:\Users\Xps\Desktop\albercasfront\node_modules\enhanced-resolve\lib\Re  solver.js:621:21
      at C:\Users\Xps\Desktop\albercasfront\node_modules\enhanced-resolve\lib\Re  solver.js:716:21
      at eval (eval at create (C:\Users\Xps\Desktop\albercasfront\node_modules\t  apable\lib\HookCodeFactory.js:31:10), <anonymous>:24:1)
      at done (C:\Users\Xps\Desktop\albercasfront\node_modules\webpack\lib\cache  \ResolverCachePlugin.js:371:13)
      at C:\Users\Xps\Desktop\albercasfront\node_modules\webpack\lib\cache\Resol  verCachePlugin.js:198:22
      at C:\Users\Xps\Desktop\albercasfront\node_modules\enhanced-resolve\lib\Re  solver.js:716:21
      at eval (eval at create (C:\Users\Xps\Desktop\albercasfront\node_modules\t  apable\lib\HookCodeFactory.js:31:10), <anonymous>:10:1)
      at C:\Users\Xps\Desktop\albercasfront\node_modules\enhanced-resolve\lib\Re  solver.js:716:21
      at eval (eval at create (C:\Users\Xps\Desktop\albercasfront\node_modules\t  apable\lib\HookCodeFactory.js:31:10), <anonymous>:24:1)
      at C:\Users\Xps\Desktop\albercasfront\node_modules\enhanced-resolve\lib\De  scriptionFilePlugin.js:60:24
      at C:\Users\Xps\Desktop\albercasfront\node_modules\enhanced-resolve\lib\De  scriptionFileUtils.js:160:21
      at C:\Users\Xps\Desktop\albercasfront\node_modules\enhanced-resolve\lib\fo  rEachBail.js:39:13
      at onJson (C:\Users\Xps\Desktop\albercasfront\node_modules\enhanced-resolv  e\lib\DescriptionFileUtils.js:94:14)
      at C:\Users\Xps\Desktop\albercasfront\node_modules\enhanced-resolve\lib\De  scriptionFileUtils.js:118:15
      at process.processTicksAndRejections (node:internal/process/task_queues:89  :21)
  
  - Compilation.js:2065 
    [albercasfront]/[webpack]/lib/Compilation.js:2065:28
  
  - NormalModuleFactory.js:1028 
    [albercasfront]/[webpack]/lib/NormalModuleFactory.js:1028:13
  
  
  - NormalModuleFactory.js:429 
    [albercasfront]/[webpack]/lib/NormalModuleFactory.js:429:22
  
  
  - NormalModuleFactory.js:614 
    [albercasfront]/[webpack]/lib/NormalModuleFactory.js:614:22
  
  - NormalModuleFactory.js:184 
    [albercasfront]/[webpack]/lib/NormalModuleFactory.js:184:10
  
  - NormalModuleFactory.js:846 
    [albercasfront]/[webpack]/lib/NormalModuleFactory.js:846:23
  
  - NormalModuleFactory.js:1338 
    [albercasfront]/[webpack]/lib/NormalModuleFactory.js:1338:5
  
  - async.js:2830 
    [albercasfront]/[neo-async]/async.js:2830:7
  
  - async.js:2925 done
    [albercasfront]/[neo-async]/async.js:2925:13
  
  - NormalModuleFactory.js:1297 
    [albercasfront]/[webpack]/lib/NormalModuleFactory.js:1297:10
  
  - Resolver.js:621 
    [albercasfront]/[enhanced-resolve]/lib/Resolver.js:621:21
  
  - Resolver.js:716 
    [albercasfront]/[enhanced-resolve]/lib/Resolver.js:716:21
  
  
  - ResolverCachePlugin.js:371 done
    [albercasfront]/[webpack]/lib/cache/ResolverCachePlugin.js:371:13
  
  - ResolverCachePlugin.js:198 
    [albercasfront]/[webpack]/lib/cache/ResolverCachePlugin.js:198:22
  
  - Resolver.js:716 
    [albercasfront]/[enhanced-resolve]/lib/Resolver.js:716:21
  
  
  - Resolver.js:716 
    [albercasfront]/[enhanced-resolve]/lib/Resolver.js:716:21
  
  
  - DescriptionFilePlugin.js:60 
    [albercasfront]/[enhanced-resolve]/lib/DescriptionFilePlugin.js:60:24
  
  - DescriptionFileUtils.js:160 
    [albercasfront]/[enhanced-resolve]/lib/DescriptionFileUtils.js:160:21
  
  - forEachBail.js:39 
    [albercasfront]/[enhanced-resolve]/lib/forEachBail.js:39:13
  
  - DescriptionFileUtils.js:94 onJson
    [albercasfront]/[enhanced-resolve]/lib/DescriptionFileUtils.js:94:14
  
  - DescriptionFileUtils.js:118 
    [albercasfront]/[enhanced-resolve]/lib/DescriptionFileUtils.js:118:15
  
  - task_queues:89 process.processTicksAndRejections
    node:internal/process/task_queues:89:21
  
  - child-compiler.js:211 
    [albercasfront]/[html-webpack-plugin]/lib/child-compiler.js:211:18
  
  - Compiler.js:648 finalCallback
    [albercasfront]/[webpack]/lib/Compiler.js:648:5
  
  - Compiler.js:684 
    [albercasfront]/[webpack]/lib/Compiler.js:684:11
  
  - Compiler.js:1378 
    [albercasfront]/[webpack]/lib/Compiler.js:1378:17
  
  
  - Hook.js:21 Hook.CALL_ASYNC_DELEGATE [as _callAsync]
    [albercasfront]/[tapable]/lib/Hook.js:21:14
  
  - Compiler.js:1374 
    [albercasfront]/[webpack]/lib/Compiler.js:1374:33
  
  - Compilation.js:3169 finalCallback
    [albercasfront]/[webpack]/lib/Compilation.js:3169:11
  
  - Compilation.js:3505 
    [albercasfront]/[webpack]/lib/Compilation.js:3505:11
  
  
  - Hook.js:21 Hook.CALL_ASYNC_DELEGATE [as _callAsync]
    [albercasfront]/[tapable]/lib/Hook.js:21:14
  
  - Compilation.js:3498 
    [albercasfront]/[webpack]/lib/Compilation.js:3498:38
  
  
  - Compilation.js:648 
    [albercasfront]/[webpack]/lib/Compilation.js:648:11
  
  - SourceMapDevToolPlugin.js:620 
    [albercasfront]/[webpack]/lib/SourceMapDevToolPlugin.js:620:10
  
  - async.js:2830 
    [albercasfront]/[neo-async]/async.js:2830:7
  
  - async.js:2857 Object.each
    [albercasfront]/[neo-async]/async.js:2857:9
  
  - SourceMapDevToolPlugin.js:416 
    [albercasfront]/[webpack]/lib/SourceMapDevToolPlugin.js:416:17
  
  - async.js:2830 
    [albercasfront]/[neo-async]/async.js:2830:7
  
  - async.js:2857 Object.each
    [albercasfront]/[neo-async]/async.js:2857:9
  
  - SourceMapDevToolPlugin.js:222 
    [albercasfront]/[webpack]/lib/SourceMapDevToolPlugin.js:222:15
  
  - Compilation.js:629 fn
    [albercasfront]/[webpack]/lib/Compilation.js:629:9

1 ERROR in child compilations (Use 'stats.children: true' resp. '--stats-children' for more details)
webpack compiled with 6 errors
Compiling...
Compiled successfully!
webpack compiled successfully
